Teste de validação concluído com sucesso - dom 16 ago 2026 23:22:15 -03
